21:27:26 **** Auto Build of configuration Debug for project led_ctrl ****
make pre-build main-build 
a9-linaro-pre-build-step
' '
'Building file: ../src/led.c'
'Invoking: ARM v7 gcc compiler'
arm-none-eabi-gcc -Wall -O0 -g3 -c -fmessage-length=0 -MT"src/led.o" -mcpu=cortex-a9 -mfpu=vfpv3 -mfloat-abi=hard -I../../led_ctrl_bsp/ps7_cortexa9_0/include -MMD -MP -MF"src/led.d" -MT"src/led.o" -o "src/led.o" "../src/led.c"
'Finished building: ../src/led.c'
' '
'Building target: led_ctrl.elf'
'Invoking: ARM v7 gcc linker'
arm-none-eabi-gcc -mcpu=cortex-a9 -mfpu=vfpv3 -mfloat-abi=hard -Wl,-build-id=none -specs=Xilinx.spec -Wl,-T -Wl,../src/lscript.ld -L../../led_ctrl_bsp/ps7_cortexa9_0/lib -o "led_ctrl.elf"  ./src/led.o   -Wl,--start-group,-lxil,-lgcc,-lc,--end-group
'Finished building target: led_ctrl.elf'
' '
'Invoking: ARM v7 Print Size'
arm-none-eabi-size led_ctrl.elf  |tee "led_ctrl.elf.size"
   text	   data	    bss	    dec	    hex	filename
  23464	   1184	  22616	  47264	   b8a0	led_ctrl.elf
'Finished building: led_ctrl.elf.size'
' '

21:27:27 Build Finished (took 693ms)

